{
  "nodes": 24515,
  "edges": 20513,
  "tasks": 50,
  "horizon": 3,
  "beam_width": 4,
  "seed": 1,
  "valley_required_tasks": 11,
  "random_mean_terminal": 21421.29124787107,
  "random_mean_regret": 13290.993567855316,
  "random_valley_success": 1,
  "greedy_mean_terminal": 32144.684775705406,
  "greedy_mean_regret": 2567.6000400209655,
  "greedy_valley_success": 0,
  "beam_mean_terminal": 34446.263520690765,
  "beam_mean_regret": 266.0212950356017,
  "beam_valley_success": 6,
  "lookahead_mean_terminal": 34712.28481572638,
  "lookahead_mean_regret": 0.0,
  "lookahead_valley_success": 11,
  "oracle_mean_terminal": 34712.28481572638,
  "oracle_mean_regret": 0.0,
  "oracle_valley_success": 11
}
