{
  "nodes": 24515,
  "edges": 20513,
  "tasks": 50,
  "horizon": 3,
  "beam_width": 4,
  "seed": 3,
  "valley_required_tasks": 11,
  "random_mean_terminal": 21786.854265486283,
  "random_mean_regret": 13101.852292904661,
  "random_valley_success": 1,
  "greedy_mean_terminal": 32301.19607017322,
  "greedy_mean_regret": 2587.5104882177293,
  "greedy_valley_success": 0,
  "beam_mean_terminal": 34545.214109674984,
  "beam_mean_regret": 343.49244871596767,
  "beam_valley_success": 5,
  "lookahead_mean_terminal": 34888.70655839095,
  "lookahead_mean_regret": 0.0,
  "lookahead_valley_success": 11,
  "oracle_mean_terminal": 34888.70655839095,
  "oracle_mean_regret": 0.0,
  "oracle_valley_success": 11
}
