{
  "nodes": 24515,
  "edges": 20513,
  "tasks": 50,
  "horizon": 3,
  "beam_width": 4,
  "seed": 2,
  "valley_required_tasks": 14,
  "random_mean_terminal": 26748.14791521848,
  "random_mean_regret": 8375.318049765223,
  "random_valley_success": 0,
  "greedy_mean_terminal": 33060.23011405794,
  "greedy_mean_regret": 2063.2358509257556,
  "greedy_valley_success": 0,
  "beam_mean_terminal": 34453.63375651141,
  "beam_mean_regret": 669.8322084722868,
  "beam_valley_success": 3,
  "lookahead_mean_terminal": 35123.4659649837,
  "lookahead_mean_regret": 0.0,
  "lookahead_valley_success": 14,
  "oracle_mean_terminal": 35123.4659649837,
  "oracle_mean_regret": 0.0,
  "oracle_valley_success": 14
}
