{
  "nodes": 14811,
  "edges": 28030,
  "tasks": 50,
  "horizon": 3,
  "beam_width": 4,
  "seed": 3,
  "valley_required_tasks": 7,
  "random_mean_terminal": -0.6306673525673411,
  "random_mean_regret": 3.2443536726524553,
  "random_valley_success": 0,
  "greedy_mean_terminal": 2.174314293117383,
  "greedy_mean_regret": 0.43937202696773275,
  "greedy_valley_success": 0,
  "beam_mean_terminal": 2.518158152191658,
  "beam_mean_regret": 0.09552816789345858,
  "beam_valley_success": 4,
  "lookahead_mean_terminal": 2.5613258786903925,
  "lookahead_mean_regret": 0.052360441394724185,
  "lookahead_valley_success": 6,
  "oracle_mean_terminal": 2.6136863200851166,
  "oracle_mean_regret": 0.0,
  "oracle_valley_success": 7
}
