{
  "nodes": 9192,
  "edges": 32428,
  "tasks": 50,
  "horizon": 3,
  "beam_width": 4,
  "seed": 2,
  "valley_required_tasks": 3,
  "random_mean_terminal": 0.09543385999999998,
  "random_mean_regret": 0.99744444,
  "random_valley_success": 0,
  "greedy_mean_terminal": 1.0508427599999997,
  "greedy_mean_regret": 0.042035539999999996,
  "greedy_valley_success": 0,
  "beam_mean_terminal": 1.0864930400000001,
  "beam_mean_regret": 0.006385259999999997,
  "beam_valley_success": 1,
  "lookahead_mean_terminal": 1.07628826,
  "lookahead_mean_regret": 0.016590039999999993,
  "lookahead_valley_success": 1,
  "oracle_mean_terminal": 1.0928783000000002,
  "oracle_mean_regret": 0.0,
  "oracle_valley_success": 3
}
