{
  "nodes": 9192,
  "edges": 32428,
  "tasks": 50,
  "horizon": 3,
  "beam_width": 4,
  "seed": 1,
  "valley_required_tasks": 6,
  "random_mean_terminal": 0.026816160000000006,
  "random_mean_regret": 1.0584185200000003,
  "random_valley_success": 0,
  "greedy_mean_terminal": 1.0311681,
  "greedy_mean_regret": 0.05406658,
  "greedy_valley_success": 0,
  "beam_mean_terminal": 1.0784532000000002,
  "beam_mean_regret": 0.006781480000000006,
  "beam_valley_success": 1,
  "lookahead_mean_terminal": 1.0852346800000001,
  "lookahead_mean_regret": 0.0,
  "lookahead_valley_success": 6,
  "oracle_mean_terminal": 1.0852346800000001,
  "oracle_mean_regret": 0.0,
  "oracle_valley_success": 6
}
