{
  "nodes": 2638,
  "edges": 144,
  "tasks": 50,
  "horizon": 3,
  "beam_width": 4,
  "seed": 1,
  "valley_required_tasks": 17,
  "random_mean_terminal": 1.512335076816667,
  "random_mean_regret": 0.25676944834333326,
  "random_valley_success": 1,
  "greedy_mean_terminal": 1.6946577794766668,
  "greedy_mean_regret": 0.0744467456833333,
  "greedy_valley_success": 0,
  "beam_mean_terminal": 1.7629793823,
  "beam_mean_regret": 0.006125142859999992,
  "beam_valley_success": 11,
  "lookahead_mean_terminal": 1.7691045251600002,
  "lookahead_mean_regret": 0.0,
  "lookahead_valley_success": 17,
  "oracle_mean_terminal": 1.7691045251600002,
  "oracle_mean_regret": 0.0,
  "oracle_valley_success": 17
}
