{
  "nodes": 2638,
  "edges": 144,
  "tasks": 50,
  "horizon": 3,
  "beam_width": 4,
  "seed": 3,
  "valley_required_tasks": 16,
  "random_mean_terminal": 1.542942726964,
  "random_mean_regret": 0.2262284309199999,
  "random_valley_success": 4,
  "greedy_mean_terminal": 1.6969314648606666,
  "greedy_mean_regret": 0.07223969302333332,
  "greedy_valley_success": 0,
  "beam_mean_terminal": 1.7638587097839997,
  "beam_mean_regret": 0.005312448099999995,
  "beam_valley_success": 12,
  "lookahead_mean_terminal": 1.7691711578839995,
  "lookahead_mean_regret": 0.0,
  "lookahead_valley_success": 16,
  "oracle_mean_terminal": 1.7691711578839995,
  "oracle_mean_regret": 0.0,
  "oracle_valley_success": 16
}
