{
  "nodes": 2638,
  "edges": 144,
  "tasks": 50,
  "horizon": 3,
  "beam_width": 4,
  "seed": 2,
  "valley_required_tasks": 18,
  "random_mean_terminal": 1.5611644116440004,
  "random_mean_regret": 0.20386282260000002,
  "random_valley_success": 4,
  "greedy_mean_terminal": 1.6685239473806666,
  "greedy_mean_regret": 0.09650328686333332,
  "greedy_valley_success": 0,
  "beam_mean_terminal": 1.6588660775640005,
  "beam_mean_regret": 0.10616115667999995,
  "beam_valley_success": 7,
  "lookahead_mean_terminal": 1.6592710888840003,
  "lookahead_mean_regret": 0.10575614535999996,
  "lookahead_valley_success": 11,
  "oracle_mean_terminal": 1.7650272342439999,
  "oracle_mean_regret": 0.0,
  "oracle_valley_success": 18
}
