{
  "nodes": 14811,
  "edges": 28030,
  "tasks": 50,
  "horizon": 3,
  "beam_width": 4,
  "seed": 1,
  "valley_required_tasks": 6,
  "random_mean_terminal": -0.626439801665517,
  "random_mean_regret": 3.153644317418489,
  "random_valley_success": 0,
  "greedy_mean_terminal": 2.131953528152162,
  "greedy_mean_regret": 0.3952509876008098,
  "greedy_valley_success": 0,
  "beam_mean_terminal": 2.488193918148762,
  "beam_mean_regret": 0.039010597604211106,
  "beam_valley_success": 5,
  "lookahead_mean_terminal": 2.527204515752973,
  "lookahead_mean_regret": 0.0,
  "lookahead_valley_success": 6,
  "oracle_mean_terminal": 2.527204515752973,
  "oracle_mean_regret": 0.0,
  "oracle_valley_success": 6
}
